// Jest Snapshot v1, https://goo.gl/fbAQLP

exports[`shoould render expense item with given expense data 1`] = `
<div>
  <Link
    replace={false}
    to="/edit/3"
  >
    <h3>
      Credit Card
       
    </h3>
  </Link>
  <p>
    $45.00
    -
    5th Jan, 1970
  </p>
</div>
`;
